// Jest Snapshot v1, https://goo.gl/fbAQLP

exports[`renders correctly 1`] = `
<Text
  style={
    [
      {
        "color": "#11181C",
      },
      {
        "fontFamily": "SpaceGrotesk-Regular",
        "fontSize": 16,
        "lineHeight": 24,
      },
      undefined,
      undefined,
      undefined,
      undefined,
      undefined,
    ]
  }
>
  Snapshot test!
</Text>
`;
